Archive member included to satisfy reference by file (symbol)

c:/st/stm32cubeide_1.7.0/stm32cubeide/plugins/com.st.stm32cube.ide.mcu.externaltools.gnu-tools-for-stm32.9-2020-q2-update.win32_2.0.0.202105311346/tools/bin/../lib/gcc/arm-none-eabi/9.3.1/../../../../arm-none-eabi/lib/thumb/v7-m/nofp\libc_nano.a(lib_a-errno.o)
                              ./Core/Src/syscalls.o (__errno)
c:/st/stm32cubeide_1.7.0/stm32cubeide/plugins/com.st.stm32cube.ide.mcu.externaltools.gnu-tools-for-stm32.9-2020-q2-update.win32_2.0.0.202105311346/tools/bin/../lib/gcc/arm-none-eabi/9.3.1/../../../../arm-none-eabi/lib/thumb/v7-m/nofp\libc_nano.a(lib_a-exit.o)
                              c:/st/stm32cubeide_1.7.0/stm32cubeide/plugins/com.st.stm32cube.ide.mcu.externaltools.gnu-tools-for-stm32.9-2020-q2-update.win32_2.0.0.202105311346/tools/bin/../lib/gcc/arm-none-eabi/9.3.1/../../../../arm-none-eabi/lib/thumb/v7-m/nofp/crt0.o (exit)
c:/st/stm32cubeide_1.7.0/stm32cubeide/plugins/com.st.stm32cube.ide.mcu.externaltools.gnu-tools-for-stm32.9-2020-q2-update.win32_2.0.0.202105311346/tools/bin/../lib/gcc/arm-none-eabi/9.3.1/../../../../arm-none-eabi/lib/thumb/v7-m/nofp\libc_nano.a(lib_a-impure.o)
                              c:/st/stm32cubeide_1.7.0/stm32cubeide/plugins/com.st.stm32cube.ide.mcu.externaltools.gnu-tools-for-stm32.9-2020-q2-update.win32_2.0.0.202105311346/tools/bin/../lib/gcc/arm-none-eabi/9.3.1/../../../../arm-none-eabi/lib/thumb/v7-m/nofp\libc_nano.a(lib_a-exit.o) (_global_impure_ptr)
c:/st/stm32cubeide_1.7.0/stm32cubeide/plugins/com.st.stm32cube.ide.mcu.externaltools.gnu-tools-for-stm32.9-2020-q2-update.win32_2.0.0.202105311346/tools/bin/../lib/gcc/arm-none-eabi/9.3.1/../../../../arm-none-eabi/lib/thumb/v7-m/nofp\libc_nano.a(lib_a-init.o)
                              c:/st/stm32cubeide_1.7.0/stm32cubeide/plugins/com.st.stm32cube.ide.mcu.externaltools.gnu-tools-for-stm32.9-2020-q2-update.win32_2.0.0.202105311346/tools/bin/../lib/gcc/arm-none-eabi/9.3.1/../../../../arm-none-eabi/lib/thumb/v7-m/nofp/crt0.o (__libc_init_array)
c:/st/stm32cubeide_1.7.0/stm32cubeide/plugins/com.st.stm32cube.ide.mcu.externaltools.gnu-tools-for-stm32.9-2020-q2-update.win32_2.0.0.202105311346/tools/bin/../lib/gcc/arm-none-eabi/9.3.1/../../../../arm-none-eabi/lib/thumb/v7-m/nofp\libc_nano.a(lib_a-memset.o)
                              c:/st/stm32cubeide_1.7.0/stm32cubeide/plugins/com.st.stm32cube.ide.mcu.externaltools.gnu-tools-for-stm32.9-2020-q2-update.win32_2.0.0.202105311346/tools/bin/../lib/gcc/arm-none-eabi/9.3.1/../../../../arm-none-eabi/lib/thumb/v7-m/nofp/crt0.o (memset)

Allocating common symbols
Common symbol       size              file

timer_counter       0xc               ./Core/Src/input_processing.o
uwTick              0x4               ./Drivers/STM32F1xx_HAL_Driver/Src/stm32f1xx_hal.o
pFlash              0x20              ./Drivers/STM32F1xx_HAL_Driver/Src/stm32f1xx_hal_flash.o
timer_flag          0xc               ./Core/Src/input_processing.o
htim2               0x48              ./Core/Src/main.o

Discarded input sections

 .text          0x0000000000000000        0x0 c:/st/stm32cubeide_1.7.0/stm32cubeide/plugins/com.st.stm32cube.ide.mcu.externaltools.gnu-tools-for-stm32.9-2020-q2-update.win32_2.0.0.202105311346/tools/bin/../lib/gcc/arm-none-eabi/9.3.1/thumb/v7-m/nofp/crti.o
 .data          0x0000000000000000        0x0 c:/st/stm32cubeide_1.7.0/stm32cubeide/plugins/com.st.stm32cube.ide.mcu.externaltools.gnu-tools-for-stm32.9-2020-q2-update.win32_2.0.0.202105311346/tools/bin/../lib/gcc/arm-none-eabi/9.3.1/thumb/v7-m/nofp/crti.o
 .bss           0x0000000000000000        0x0 c:/st/stm32cubeide_1.7.0/stm32cubeide/plugins/com.st.stm32cube.ide.mcu.externaltools.gnu-tools-for-stm32.9-2020-q2-update.win32_2.0.0.202105311346/tools/bin/../lib/gcc/arm-none-eabi/9.3.1/thumb/v7-m/nofp/crti.o
 .data          0x0000000000000000        0x4 c:/st/stm32cubeide_1.7.0/stm32cubeide/plugins/com.st.stm32cube.ide.mcu.externaltools.gnu-tools-for-stm32.9-2020-q2-update.win32_2.0.0.202105311346/tools/bin/../lib/gcc/arm-none-eabi/9.3.1/thumb/v7-m/nofp/crtbegin.o
 .text          0x0000000000000000       0x7c c:/st/stm32cubeide_1.7.0/stm32cubeide/plugins/com.st.stm32cube.ide.mcu.externaltools.gnu-tools-for-stm32.9-2020-q2-update.win32_2.0.0.202105311346/tools/bin/../lib/gcc/arm-none-eabi/9.3.1/../../../../arm-none-eabi/lib/thumb/v7-m/nofp/crt0.o
 .data          0x0000000000000000        0x0 c:/st/stm32cubeide_1.7.0/stm32cubeide/plugins/com.st.stm32cube.ide.mcu.externaltools.gnu-tools-for-stm32.9-2020-q2-update.win32_2.0.0.202105311346/tools/bin/../lib/gcc/arm-none-eabi/9.3.1/../../../../arm-none-eabi/lib/thumb/v7-m/nofp/crt0.o
 .bss           0x0000000000000000        0x0 c:/st/stm32cubeide_1.7.0/stm32cubeide/plugins/com.st.stm32cube.ide.mcu.externaltools.gnu-tools-for-stm32.9-2020-q2-update.win32_2.0.0.202105311346/tools/bin/../lib/gcc/arm-none-eabi/9.3.1/../../../../arm-none-eabi/lib/thumb/v7-m/nofp/crt0.o
[...]
Memory Configuration

Name             Origin             Length             Attributes
RAM              0x0000000020000000 0x0000000000002800 xrw
FLASH            0x0000000008000000 0x0000000000008000 xr
*default*        0x0000000000000000 0xffffffffffffffff

Linker script and memory map

LOAD c:/st/stm32cubeide_1.7.0/stm32cubeide/plugins/com.st.stm32cube.ide.mcu.externaltools.gnu-tools-for-stm32.9-2020-q2-update.win32_2.0.0.202105311346/tools/bin/../lib/gcc/arm-none-eabi/9.3.1/thumb/v7-m/nofp/crti.o
LOAD c:/st/stm32cubeide_1.7.0/stm32cubeide/plugins/com.st.stm32cube.ide.mcu.externaltools.gnu-tools-for-stm32.9-2020-q2-update.win32_2.0.0.202105311346/tools/bin/../lib/gcc/arm-none-eabi/9.3.1/thumb/v7-m/nofp/crtbegin.o
LOAD c:/st/stm32cubeide_1.7.0/stm32cubeide/plugins/com.st.stm32cube.ide.mcu.externaltools.gnu-tools-for-stm32.9-2020-q2-update.win32_2.0.0.202105311346/tools/bin/../lib/gcc/arm-none-eabi/9.3.1/../../../../arm-none-eabi/lib/thumb/v7-m/nofp/crt0.o
LOAD ./Core/Src/input_processing.o
LOAD ./Core/Src/input_reading.o
LOAD ./Core/Src/led_control.o
LOAD ./Core/Src/main.o
LOAD ./Core/Src/stm32f1xx_hal_msp.o
LOAD ./Core/Src/stm32f1xx_it.o
LOAD ./Core/Src/syscalls.o
LOAD ./Core/Src/sysmem.o
LOAD ./Core/Src/system_stm32f1xx.o
LOAD ./Core/Src/timer.o
LOAD ./Core/Src/traffic_light.o
LOAD ./Core/Startup/startup_stm32f103c6ux.o
LOAD ./Drivers/STM32F1xx_HAL_Driver/Src/stm32f1xx_hal.o
LOAD ./Drivers/STM32F1xx_HAL_Driver/Src/stm32f1xx_hal_cortex.o
LOAD ./Drivers/STM32F1xx_HAL_Driver/Src/stm32f1xx_hal_dma.o
LOAD ./Drivers/STM32F1xx_HAL_Driver/Src/stm32f1xx_hal_exti.o
LOAD ./Drivers/STM32F1xx_HAL_Driver/Src/stm32f1xx_hal_flash.o
LOAD ./Drivers/STM32F1xx_HAL_Driver/Src/stm32f1xx_hal_flash_ex.o
LOAD ./Drivers/STM32F1xx_HAL_Driver/Src/stm32f1xx_hal_gpio.o
LOAD ./Drivers/STM32F1xx_HAL_Driver/Src/stm32f1xx_hal_gpio_ex.o
LOAD ./Drivers/STM32F1xx_HAL_Driver/Src/stm32f1xx_hal_pwr.o
LOAD ./Drivers/STM32F1xx_HAL_Driver/Src/stm32f1xx_hal_rcc.o
LOAD ./Drivers/STM32F1xx_HAL_Driver/Src/stm32f1xx_hal_rcc_ex.o
LOAD ./Drivers/STM32F1xx_HAL_Driver/Src/stm32f1xx_hal_tim.o
LOAD ./Drivers/STM32F1xx_HAL_Driver/Src/stm32f1xx_hal_tim_ex.o
START GROUP
LOAD c:/st/stm32cubeide_1.7.0/stm32cubeide/plugins/com.st.stm32cube.ide.mcu.externaltools.gnu-tools-for-stm32.9-2020-q2-update.win32_2.0.0.202105311346/tools/bin/../lib/gcc/arm-none-eabi/9.3.1/../../../../arm-none-eabi/lib/thumb/v7-m/nofp\libc_nano.a
LOAD c:/st/stm32cubeide_1.7.0/stm32cubeide/plugins/com.st.stm32cube.ide.mcu.externaltools.gnu-tools-for-stm32.9-2020-q2-update.win32_2.0.0.202105311346/tools/bin/../lib/gcc/arm-none-eabi/9.3.1/../../../../arm-none-eabi/lib/thumb/v7-m/nofp\libm.a
END GROUP
START GROUP
LOAD c:/st/stm32cubeide_1.7.0/stm32cubeide/plugins/com.st.stm32cube.ide.mcu.externaltools.gnu-tools-for-stm32.9-2020-q2-update.win32_2.0.0.202105311346/tools/bin/../lib/gcc/arm-none-eabi/9.3.1/thumb/v7-m/nofp\libgcc.a
LOAD c:/st/stm32cubeide_1.7.0/stm32cubeide/plugins/com.st.stm32cube.ide.mcu.externaltools.gnu-tools-for-stm32.9-2020-q2-update.win32_2.0.0.202105311346/tools/bin/../lib/gcc/arm-none-eabi/9.3.1/../../../../arm-none-eabi/lib/thumb/v7-m/nofp\libc_nano.a
END GROUP
START GROUP
LOAD c:/st/stm32cubeide_1.7.0/stm32cubeide/plugins/com.st.stm32cube.ide.mcu.externaltools.gnu-tools-for-stm32.9-2020-q2-update.win32_2.0.0.202105311346/tools/bin/../lib/gcc/arm-none-eabi/9.3.1/thumb/v7-m/nofp\libgcc.a
LOAD c:/st/stm32cubeide_1.7.0/stm32cubeide/plugins/com.st.stm32cube.ide.mcu.externaltools.gnu-tools-for-stm32.9-2020-q2-update.win32_2.0.0.202105311346/tools/bin/../lib/gcc/arm-none-eabi/9.3.1/../../../../arm-none-eabi/lib/thumb/v7-m/nofp\libc_nano.a
LOAD c:/st/stm32cubeide_1.7.0/stm32cubeide/plugins/com.st.stm32cube.ide.mcu.externaltools.gnu-tools-for-stm32.9-2020-q2-update.win32_2.0.0.202105311346/tools/bin/../lib/gcc/arm-none-eabi/9.3.1/../../../../arm-none-eabi/lib/thumb/v7-m/nofp\libnosys.a
END GROUP
START GROUP
LOAD c:/st/stm32cubeide_1.7.0/stm32cubeide/plugins/com.st.stm32cube.ide.mcu.externaltools.gnu-tools-for-stm32.9-2020-q2-update.win32_2.0.0.202105311346/tools/bin/../lib/gcc/arm-none-eabi/9.3.1/thumb/v7-m/nofp\libgcc.a
LOAD c:/st/stm32cubeide_1.7.0/stm32cubeide/plugins/com.st.stm32cube.ide.mcu.externaltools.gnu-tools-for-stm32.9-2020-q2-update.win32_2.0.0.202105311346/tools/bin/../lib/gcc/arm-none-eabi/9.3.1/../../../../arm-none-eabi/lib/thumb/v7-m/nofp\libc_nano.a
LOAD c:/st/stm32cubeide_1.7.0/stm32cubeide/plugins/com.st.stm32cube.ide.mcu.externaltools.gnu-tools-for-stm32.9-2020-q2-update.win32_2.0.0.202105311346/tools/bin/../lib/gcc/arm-none-eabi/9.3.1/../../../../arm-none-eabi/lib/thumb/v7-m/nofp\libnosys.a
END GROUP
LOAD c:/st/stm32cubeide_1.7.0/stm32cubeide/plugins/com.st.stm32cube.ide.mcu.externaltools.gnu-tools-for-stm32.9-2020-q2-update.win32_2.0.0.202105311346/tools/bin/../lib/gcc/arm-none-eabi/9.3.1/thumb/v7-m/nofp/crtend.o
LOAD c:/st/stm32cubeide_1.7.0/stm32cubeide/plugins/com.st.stm32cube.ide.mcu.externaltools.gnu-tools-for-stm32.9-2020-q2-update.win32_2.0.0.202105311346/tools/bin/../lib/gcc/arm-none-eabi/9.3.1/thumb/v7-m/nofp/crtn.o
                0x0000000020002800                _estack = (ORIGIN (RAM) + LENGTH (RAM))
                0x0000000000000200                _Min_Heap_Size = 0x200
                0x0000000000000400                _Min_Stack_Size = 0x400

.isr_vector     0x0000000008000000      0x10c
                0x0000000008000000                . = ALIGN (0x4)
 *(.isr_vector)
 .isr_vector    0x0000000008000000      0x10c ./Core/Startup/startup_stm32f103c6ux.o
                0x0000000008000000                g_pfnVectors
                0x000000000800010c                . = ALIGN (0x4)

.text           0x000000000800010c     0x2a64
                0x000000000800010c                . = ALIGN (0x4)
 *(.text)
 .text          0x000000000800010c       0x40 c:/st/stm32cubeide_1.7.0/stm32cubeide/plugins/com.st.stm32cube.ide.mcu.externaltools.gnu-tools-for-stm32.9-2020-q2-update.win32_2.0.0.202105311346/tools/bin/../lib/gcc/arm-none-eabi/9.3.1/thumb/v7-m/nofp/crtbegin.o
 *(.text*)
 .text.red_updating
                0x000000000800014c       0x14 ./Core/Src/input_processing.o
                0x000000000800014c                red_updating
 .text.yel_updating
                0x0000000008000160       0x14 ./Core/Src/input_processing.o
                0x0000000008000160                yel_updating
 .text.gre_updating
                0x0000000008000174       0x14 ./Core/Src/input_processing.o
                0x0000000008000174                gre_updating
 .text.mode1_sw_updating
                0x0000000008000188       0x14 ./Core/Src/input_processing.o
                0x0000000008000188                mode1_sw_updating
 .text.fsm_for_input_processing_1
                0x000000000800019c      0x204 ./Core/Src/input_processing.o
                0x000000000800019c                fsm_for_input_processing_1
 .text.fsm_for_input_processing_2
                0x00000000080003a0      0x1b4 ./Core/Src/input_processing.o
                0x00000000080003a0                fsm_for_input_processing_2
 .text.fsm_for_input_processing_3
                0x0000000008000554      0x1cc ./Core/Src/input_processing.o
                0x0000000008000554                fsm_for_input_processing_3
 .text.fsm_for_input_processing_4
                0x0000000008000720       0xc8 ./Core/Src/input_processing.o
                0x0000000008000720                fsm_for_input_processing_4
 .text.button_reading
                0x00000000080007e8       0xec ./Core/Src/input_reading.o
                0x00000000080007e8                button_reading
 .text.is_button_pressed
                0x00000000080008d4       0x34 ./Core/Src/input_reading.o
                0x00000000080008d4                is_button_pressed
 .text.is_button_pressed_1s
                0x0000000008000908       0x34 ./Core/Src/input_reading.o
                0x0000000008000908                is_button_pressed_1s
 .text.UpdateBuffer_7SEG_LEDS
                0x000000000800093c       0x34 ./Core/Src/led_control.o
                0x000000000800093c                UpdateBuffer_7SEG_LEDS
 .text.ClearPrevious_7SEG_LEDS
                0x0000000008000970       0x38 ./Core/Src/led_control.o
                0x0000000008000970                ClearPrevious_7SEG_LEDS
 .text.Display_7SEG_DATA
                0x00000000080009a8       0x70 ./Core/Src/led_control.o
                0x00000000080009a8                Display_7SEG_DATA
 .text.SetCurrent_7SEG_LEDS
                0x0000000008000a18       0x3c ./Core/Src/led_control.o
                0x0000000008000a18                SetCurrent_7SEG_LEDS
 .text.Driver_7SEG_LEDS
                0x0000000008000a54       0x58 ./Core/Src/led_control.o
                0x0000000008000a54                Driver_7SEG_LEDS
 .text.main     0x0000000008000aac      0x108 ./Core/Src/main.o
                0x0000000008000aac                main
 .text.SystemClock_Config
                0x0000000008000bb4       0x76 ./Core/Src/main.o
                0x0000000008000bb4                SystemClock_Config
 *fill*         0x0000000008000c2a        0x2 
 .text.MX_TIM2_Init
                0x0000000008000c2c       0x98 ./Core/Src/main.o
 .text.MX_GPIO_Init
                0x0000000008000cc4       0xc4 ./Core/Src/main.o
 .text.Error_Handler
                0x0000000008000d88        0xa ./Core/Src/main.o
                0x0000000008000d88                Error_Handler
 *fill*         0x0000000008000d92        0x2 
 .text.HAL_MspInit
                0x0000000008000d94       0x64 ./Core/Src/stm32f1xx_hal_msp.o
                0x0000000008000d94                HAL_MspInit
 .text.HAL_TIM_Base_MspInit
                0x0000000008000df8       0x48 ./Core/Src/stm32f1xx_hal_msp.o
                0x0000000008000df8                HAL_TIM_Base_MspInit
 .text.NMI_Handler
                0x0000000008000e40        0x6 ./Core/Src/stm32f1xx_it.o
                0x0000000008000e40                NMI_Handler
 .text.HardFault_Handler
                0x0000000008000e46        0x6 ./Core/Src/stm32f1xx_it.o
                0x0000000008000e46                HardFault_Handler
 .text.MemManage_Handler
                0x0000000008000e4c        0x6 ./Core/Src/stm32f1xx_it.o
                0x0000000008000e4c                MemManage_Handler
 .text.BusFault_Handler
                0x0000000008000e52        0x6 ./Core/Src/stm32f1xx_it.o
                0x0000000008000e52                BusFault_Handler
 .text.UsageFault_Handler
                0x0000000008000e58        0x6 ./Core/Src/stm32f1xx_it.o
                0x0000000008000e58                UsageFault_Handler
 .text.SVC_Handler
                0x0000000008000e5e        0xc ./Core/Src/stm32f1xx_it.o
                0x0000000008000e5e                SVC_Handler
 .text.DebugMon_Handler
                0x0000000008000e6a        0xc ./Core/Src/stm32f1xx_it.o
                0x0000000008000e6a                DebugMon_Handler
 .text.PendSV_Handler
                0x0000000008000e76        0xc ./Core/Src/stm32f1xx_it.o
                0x0000000008000e76                PendSV_Handler
 .text.SysTick_Handler
                0x0000000008000e82        0xc ./Core/Src/stm32f1xx_it.o
                0x0000000008000e82                SysTick_Handler
 *fill*         0x0000000008000e8e        0x2 
 .text.TIM2_IRQHandler
                0x0000000008000e90       0x14 ./Core/Src/stm32f1xx_it.o
                0x0000000008000e90                TIM2_IRQHandler
 .text.SystemInit
                0x0000000008000ea4        0xc ./Core/Src/system_stm32f1xx.o
                0x0000000008000ea4                SystemInit
 .text.timer_set
                0x0000000008000eb0       0x48 ./Core/Src/timer.o
                0x0000000008000eb0                timer_set
 .text.timer_run
                0x0000000008000ef8       0x60 ./Core/Src/timer.o
                0x0000000008000ef8                timer_run
 .text.HAL_TIM_PeriodElapsedCallback
                0x0000000008000f58       0x22 ./Core/Src/timer.o
                0x0000000008000f58                HAL_TIM_PeriodElapsedCallback
 *fill*         0x0000000008000f7a        0x2 
 .text.traffic_light_init
                0x0000000008000f7c       0x50 ./Core/Src/traffic_light.o
                0x0000000008000f7c                traffic_light_init
 .text.traffic_light_update1
                0x0000000008000fcc      0x27c ./Core/Src/traffic_light.o
                0x0000000008000fcc                traffic_light_update1
 .text.traffic_light_update2
                0x0000000008001248      0x2a0 ./Core/Src/traffic_light.o
                0x0000000008001248                traffic_light_update2
 .text.Reset_Handler
                0x00000000080014e8       0x48 ./Core/Startup/startup_stm32f103c6ux.o
                0x00000000080014e8                Reset_Handler
 .text.Default_Handler
                0x0000000008001530        0x2 ./Core/Startup/startup_stm32f103c6ux.o
                0x0000000008001530                RTC_Alarm_IRQHandler
                0x0000000008001530                EXTI2_IRQHandler
                0x0000000008001530                TIM1_CC_IRQHandler
                0x0000000008001530                PVD_IRQHandler
                0x0000000008001530                EXTI3_IRQHandler
                0x0000000008001530                EXTI0_IRQHandler
                0x0000000008001530                ADC1_2_IRQHandler
                0x0000000008001530                SPI1_IRQHandler
                0x0000000008001530                TAMPER_IRQHandler
                0x0000000008001530                DMA1_Channel4_IRQHandler
                0x0000000008001530                RTC_IRQHandler
                0x0000000008001530                DMA1_Channel7_IRQHandler
                0x0000000008001530                CAN1_RX1_IRQHandler
                0x0000000008001530                I2C1_EV_IRQHandler
                0x0000000008001530                DMA1_Channel6_IRQHandler
                0x0000000008001530                TIM3_IRQHandler
                0x0000000008001530                RCC_IRQHandler
                0x0000000008001530                TIM1_TRG_COM_IRQHandler
                0x0000000008001530                DMA1_Channel1_IRQHandler
                0x0000000008001530                Default_Handler
                0x0000000008001530                EXTI15_10_IRQHandler
                0x0000000008001530                EXTI9_5_IRQHandler
                0x0000000008001530                DMA1_Channel5_IRQHandler
                0x0000000008001530                EXTI4_IRQHandler
                0x0000000008001530                USB_LP_CAN1_RX0_IRQHandler
                0x0000000008001530                USB_HP_CAN1_TX_IRQHandler
                0x0000000008001530                DMA1_Channel3_IRQHandler
                0x0000000008001530                TIM1_UP_IRQHandler
                0x0000000008001530                WWDG_IRQHandler
                0x0000000008001530                TIM1_BRK_IRQHandler
                0x0000000008001530                EXTI1_IRQHandler
                0x0000000008001530                USART2_IRQHandler
                0x0000000008001530                DMA1_Channel2_IRQHandler
                0x0000000008001530                CAN1_SCE_IRQHandler
                0x0000000008001530                FLASH_IRQHandler
                0x0000000008001530                USART1_IRQHandler
                0x0000000008001530                I2C1_ER_IRQHandler
                0x0000000008001530                USBWakeUp_IRQHandler
 *fill*         0x0000000008001532        0x2 
 .text.HAL_Init
                0x0000000008001534       0x2c ./Drivers/STM32F1xx_HAL_Driver/Src/stm32f1xx_hal.o
                0x0000000008001534                HAL_Init
 .text.HAL_InitTick
                0x0000000008001560       0x60 ./Drivers/STM32F1xx_HAL_Driver/Src/stm32f1xx_hal.o
                0x0000000008001560                HAL_InitTick
 .text.HAL_IncTick
                0x00000000080015c0       0x24 ./Drivers/STM32F1xx_HAL_Driver/Src/stm32f1xx_hal.o
                0x00000000080015c0                HAL_IncTick
 .text.HAL_GetTick
                0x00000000080015e4       0x14 ./Drivers/STM32F1xx_HAL_Driver/Src/stm32f1xx_hal.o
                0x00000000080015e4                HAL_GetTick
 .text.__NVIC_SetPriorityGrouping
                0x00000000080015f8       0x48 ./Drivers/STM32F1xx_HAL_Driver/Src/stm32f1xx_hal_cortex.o
 .text.__NVIC_GetPriorityGrouping
                0x0000000008001640       0x1c ./Drivers/STM32F1xx_HAL_Driver/Src/stm32f1xx_hal_cortex.o
 .text.__NVIC_EnableIRQ
                0x000000000800165c       0x38 ./Drivers/STM32F1xx_HAL_Driver/Src/stm32f1xx_hal_cortex.o
 .text.__NVIC_SetPriority
                0x0000000008001694       0x54 ./Drivers/STM32F1xx_HAL_Driver/Src/stm32f1xx_hal_cortex.o
 .text.NVIC_EncodePriority
                0x00000000080016e8       0x64 ./Drivers/STM32F1xx_HAL_Driver/Src/stm32f1xx_hal_cortex.o
 .text.SysTick_Config
                0x000000000800174c       0x44 ./Drivers/STM32F1xx_HAL_Driver/Src/stm32f1xx_hal_cortex.o
 .text.HAL_NVIC_SetPriorityGrouping
                0x0000000008001790       0x16 ./Drivers/STM32F1xx_HAL_Driver/Src/stm32f1xx_hal_cortex.o
                0x0000000008001790                HAL_NVIC_SetPriorityGrouping
 .text.HAL_NVIC_SetPriority
                0x00000000080017a6       0x38 ./Drivers/STM32F1xx_HAL_Driver/Src/stm32f1xx_hal_cortex.o
                0x00000000080017a6                HAL_NVIC_SetPriority
 .text.HAL_NVIC_EnableIRQ
                0x00000000080017de       0x1c ./Drivers/STM32F1xx_HAL_Driver/Src/stm32f1xx_hal_cortex.o
                0x00000000080017de                HAL_NVIC_EnableIRQ
 .text.HAL_SYSTICK_Config
                0x00000000080017fa       0x18 ./Drivers/STM32F1xx_HAL_Driver/Src/stm32f1xx_hal_cortex.o
                0x00000000080017fa                HAL_SYSTICK_Config
 *fill*         0x0000000008001812        0x2 
 .text.HAL_GPIO_Init
                0x0000000008001814      0x2f4 ./Drivers/STM32F1xx_HAL_Driver/Src/stm32f1xx_hal_gpio.o
                0x0000000008001814                HAL_GPIO_Init
 .text.HAL_GPIO_ReadPin
                0x0000000008001b08       0x2e ./Drivers/STM32F1xx_HAL_Driver/Src/stm32f1xx_hal_gpio.o
                0x0000000008001b08                HAL_GPIO_ReadPin
 .text.HAL_GPIO_WritePin
                0x0000000008001b36       0x30 ./Drivers/STM32F1xx_HAL_Driver/Src/stm32f1xx_hal_gpio.o
                0x0000000008001b36                HAL_GPIO_WritePin
 *fill*         0x0000000008001b66        0x2 
 .text.HAL_RCC_OscConfig
                0x0000000008001b68      0x500 ./Drivers/STM32F1xx_HAL_Driver/Src/stm32f1xx_hal_rcc.o
                0x0000000008001b68                HAL_RCC_OscConfig
 .text.HAL_RCC_ClockConfig
                0x0000000008002068      0x1d4 ./Drivers/STM32F1xx_HAL_Driver/Src/stm32f1xx_hal_rcc.o
                0x0000000008002068                HAL_RCC_ClockConfig
 .text.HAL_RCC_GetSysClockFreq
                0x000000000800223c       0xc0 ./Drivers/STM32F1xx_HAL_Driver/Src/stm32f1xx_hal_rcc.o
                0x000000000800223c                HAL_RCC_GetSysClockFreq
 .text.RCC_Delay
                0x00000000080022fc       0x3c ./Drivers/STM32F1xx_HAL_Driver/Src/stm32f1xx_hal_rcc.o
 .text.HAL_TIM_Base_Init
                0x0000000008002338       0x9e ./Drivers/STM32F1xx_HAL_Driver/Src/stm32f1xx_hal_tim.o
                0x0000000008002338                HAL_TIM_Base_Init
 *fill*         0x00000000080023d6        0x2 
 .text.HAL_TIM_Base_Start_IT
                0x00000000080023d8       0x98 ./Drivers/STM32F1xx_HAL_Driver/Src/stm32f1xx_hal_tim.o
                0x00000000080023d8                HAL_TIM_Base_Start_IT
 .text.HAL_TIM_IRQHandler
                0x0000000008002470      0x210 ./Drivers/STM32F1xx_HAL_Driver/Src/stm32f1xx_hal_tim.o
                0x0000000008002470                HAL_TIM_IRQHandler
 .text.HAL_TIM_ConfigClockSource
                0x0000000008002680      0x188 ./Drivers/STM32F1xx_HAL_Driver/Src/stm32f1xx_hal_tim.o
                0x0000000008002680                HAL_TIM_ConfigClockSource
 .text.HAL_TIM_OC_DelayElapsedCallback
                0x0000000008002808       0x12 ./Drivers/STM32F1xx_HAL_Driver/Src/stm32f1xx_hal_tim.o
                0x0000000008002808                HAL_TIM_OC_DelayElapsedCallback
 .text.HAL_TIM_IC_CaptureCallback
                0x000000000800281a       0x12 ./Drivers/STM32F1xx_HAL_Driver/Src/stm32f1xx_hal_tim.o
                0x000000000800281a                HAL_TIM_IC_CaptureCallback
 .text.HAL_TIM_PWM_PulseFinishedCallback
                0x000000000800282c       0x12 ./Drivers/STM32F1xx_HAL_Driver/Src/stm32f1xx_hal_tim.o
                0x000000000800282c                HAL_TIM_PWM_PulseFinishedCallback
 .text.HAL_TIM_TriggerCallback
                0x000000000800283e       0x12 ./Drivers/STM32F1xx_HAL_Driver/Src/stm32f1xx_hal_tim.o
                0x000000000800283e                HAL_TIM_TriggerCallback
 .text.TIM_Base_SetConfig
                0x0000000008002850       0xb0 ./Drivers/STM32F1xx_HAL_Driver/Src/stm32f1xx_hal_tim.o
                0x0000000008002850                TIM_Base_SetConfig
 .text.TIM_TI1_ConfigInputStage
                0x0000000008002900       0x5c ./Drivers/STM32F1xx_HAL_Driver/Src/stm32f1xx_hal_tim.o
 .text.TIM_TI2_ConfigInputStage
                0x000000000800295c       0x5e ./Drivers/STM32F1xx_HAL_Driver/Src/stm32f1xx_hal_tim.o
 .text.TIM_ITRx_SetConfig
                0x00000000080029ba       0x34 ./Drivers/STM32F1xx_HAL_Driver/Src/stm32f1xx_hal_tim.o
 .text.TIM_ETR_SetConfig
                0x00000000080029ee       0x3e ./Drivers/STM32F1xx_HAL_Driver/Src/stm32f1xx_hal_tim.o
                0x00000000080029ee                TIM_ETR_SetConfig
 .text.HAL_TIMEx_MasterConfigSynchronization
                0x0000000008002a2c       0xb0 ./Drivers/STM32F1xx_HAL_Driver/Src/stm32f1xx_hal_tim_ex.o
                0x0000000008002a2c                HAL_TIMEx_MasterConfigSynchronization
 .text.HAL_TIMEx_CommutCallback
                0x0000000008002adc       0x12 ./Drivers/STM32F1xx_HAL_Driver/Src/stm32f1xx_hal_tim_ex.o
                0x0000000008002adc                HAL_TIMEx_CommutCallback
 .text.HAL_TIMEx_BreakCallback
                0x0000000008002aee       0x12 ./Drivers/STM32F1xx_HAL_Driver/Src/stm32f1xx_hal_tim_ex.o
                0x0000000008002aee                HAL_TIMEx_BreakCallback
 .text.__libc_init_array
                0x0000000008002b00       0x48 c:/st/stm32cubeide_1.7.0/stm32cubeide/plugins/com.st.stm32cube.ide.mcu.externaltools.gnu-tools-for-stm32.9-2020-q2-update.win32_2.0.0.202105311346/tools/bin/../lib/gcc/arm-none-eabi/9.3.1/../../../../arm-none-eabi/lib/thumb/v7-m/nofp\libc_nano.a(lib_a-init.o)
                0x0000000008002b00                __libc_init_array
 .text.memset   0x0000000008002b48       0x10 c:/st/stm32cubeide_1.7.0/stm32cubeide/plugins/com.st.stm32cube.ide.mcu.externaltools.gnu-tools-for-stm32.9-2020-q2-update.win32_2.0.0.202105311346/tools/bin/../lib/gcc/arm-none-eabi/9.3.1/../../../../arm-none-eabi/lib/thumb/v7-m/nofp\libc_nano.a(lib_a-memset.o)
                0x0000000008002b48                memset
 *(.glue_7)
 .glue_7        0x0000000008002b58        0x0 linker stubs
 *(.glue_7t)
 .glue_7t       0x0000000008002b58        0x0 linker stubs
 *(.eh_frame)
 .eh_frame      0x0000000008002b58        0x0 c:/st/stm32cubeide_1.7.0/stm32cubeide/plugins/com.st.stm32cube.ide.mcu.externaltools.gnu-tools-for-stm32.9-2020-q2-update.win32_2.0.0.202105311346/tools/bin/../lib/gcc/arm-none-eabi/9.3.1/thumb/v7-m/nofp/crtbegin.o
 *(.init)
 .init          0x0000000008002b58        0x4 c:/st/stm32cubeide_1.7.0/stm32cubeide/plugins/com.st.stm32cube.ide.mcu.externaltools.gnu-tools-for-stm32.9-2020-q2-update.win32_2.0.0.202105311346/tools/bin/../lib/gcc/arm-none-eabi/9.3.1/thumb/v7-m/nofp/crti.o
                0x0000000008002b58                _init
 .init          0x0000000008002b5c        0x8 c:/st/stm32cubeide_1.7.0/stm32cubeide/plugins/com.st.stm32cube.ide.mcu.externaltools.gnu-tools-for-stm32.9-2020-q2-update.win32_2.0.0.202105311346/tools/bin/../lib/gcc/arm-none-eabi/9.3.1/thumb/v7-m/nofp/crtn.o
 *(.fini)
 .fini          0x0000000008002b64        0x4 c:/st/stm32cubeide_1.7.0/stm32cubeide/plugins/com.st.stm32cube.ide.mcu.externaltools.gnu-tools-for-stm32.9-2020-q2-update.win32_2.0.0.202105311346/tools/bin/../lib/gcc/arm-none-eabi/9.3.1/thumb/v7-m/nofp/crti.o
                0x0000000008002b64                _fini
 .fini          0x0000000008002b68        0x8 c:/st/stm32cubeide_1.7.0/stm32cubeide/plugins/com.st.stm32cube.ide.mcu.externaltools.gnu-tools-for-stm32.9-2020-q2-update.win32_2.0.0.202105311346/tools/bin/../lib/gcc/arm-none-eabi/9.3.1/thumb/v7-m/nofp/crtn.o
                0x0000000008002b70                . = ALIGN (0x4)
                0x0000000008002b70                _etext = .

.vfp11_veneer   0x0000000008002b70        0x0
 .vfp11_veneer  0x0000000008002b70        0x0 linker stubs

.v4_bx          0x0000000008002b70        0x0
 .v4_bx         0x0000000008002b70        0x0 linker stubs

.iplt           0x0000000008002b70        0x0
 .iplt          0x0000000008002b70        0x0 c:/st/stm32cubeide_1.7.0/stm32cubeide/plugins/com.st.stm32cube.ide.mcu.externaltools.gnu-tools-for-stm32.9-2020-q2-update.win32_2.0.0.202105311346/tools/bin/../lib/gcc/arm-none-eabi/9.3.1/thumb/v7-m/nofp/crtbegin.o

.rodata         0x0000000008002b70       0x20
                0x0000000008002b70                . = ALIGN (0x4)
 *(.rodata)
 .rodata        0x0000000008002b70       0x10 ./Drivers/STM32F1xx_HAL_Driver/Src/stm32f1xx_hal_rcc.o
 *(.rodata*)
 .rodata.AHBPrescTable
                0x0000000008002b80       0x10 ./Core/Src/system_stm32f1xx.o
                0x0000000008002b80                AHBPrescTable
                0x0000000008002b90                . = ALIGN (0x4)

.rel.dyn        0x0000000008002b90        0x0
 .rel.iplt      0x0000000008002b90        0x0 c:/st/stm32cubeide_1.7.0/stm32cubeide/plugins/com.st.stm32cube.ide.mcu.externaltools.gnu-tools-for-stm32.9-2020-q2-update.win32_2.0.0.202105311346/tools/bin/../lib/gcc/arm-none-eabi/9.3.1/thumb/v7-m/nofp/crtbegin.o

.ARM.extab      0x0000000008002b90        0x0
                0x0000000008002b90                . = ALIGN (0x4)
 *(.ARM.extab* .gnu.linkonce.armextab.*)
                0x0000000008002b90                . = ALIGN (0x4)

.ARM            0x0000000008002b90        0x0
                0x0000000008002b90                . = ALIGN (0x4)
                0x0000000008002b90                __exidx_start = .
 *(.ARM.exidx*)
                0x0000000008002b90                __exidx_end = .
                0x0000000008002b90                . = ALIGN (0x4)

.preinit_array  0x0000000008002b90        0x0
                0x0000000008002b90                . = ALIGN (0x4)
                0x0000000008002b90                PROVIDE (__preinit_array_start = .)
 *(.preinit_array*)
                0x0000000008002b90                PROVIDE (__preinit_array_end = .)
                0x0000000008002b90                . = ALIGN (0x4)

.init_array     0x0000000008002b90        0x4
                0x0000000008002b90                . = ALIGN (0x4)
                0x0000000008002b90                PROVIDE (__init_array_start = .)
 *(SORT_BY_NAME(.init_array.*))
 *(.init_array*)
 .init_array    0x0000000008002b90        0x4 c:/st/stm32cubeide_1.7.0/stm32cubeide/plugins/com.st.stm32cube.ide.mcu.externaltools.gnu-tools-for-stm32.9-2020-q2-update.win32_2.0.0.202105311346/tools/bin/../lib/gcc/arm-none-eabi/9.3.1/thumb/v7-m/nofp/crtbegin.o
                0x0000000008002b94                PROVIDE (__init_array_end = .)
                0x0000000008002b94                . = ALIGN (0x4)

.fini_array     0x0000000008002b94        0x4
                0x0000000008002b94                . = ALIGN (0x4)
                [!provide]                        PROVIDE (__fini_array_start = .)
 *(SORT_BY_NAME(.fini_array.*))
 *(.fini_array*)
 .fini_array    0x0000000008002b94        0x4 c:/st/stm32cubeide_1.7.0/stm32cubeide/plugins/com.st.stm32cube.ide.mcu.externaltools.gnu-tools-for-stm32.9-2020-q2-update.win32_2.0.0.202105311346/tools/bin/../lib/gcc/arm-none-eabi/9.3.1/thumb/v7-m/nofp/crtbegin.o
                [!provide]                        PROVIDE (__fini_array_end = .)
                0x0000000008002b98                . = ALIGN (0x4)
                0x0000000008002b98                _sidata = LOADADDR (.data)

.data           0x0000000020000000       0x80 load address 0x0000000008002b98
                0x0000000020000000                . = ALIGN (0x4)
                0x0000000020000000                _sdata = .
 *(.data)
 *(.data*)
 .data.ControlPin_BUTTONS
                0x0000000020000000       0x10 ./Core/Src/input_reading.o
 .data.ControlPort_BUTTONS
                0x0000000020000010       0x10 ./Core/Src/input_reading.o
 .data.Conversion_7SEG_LEDS
                0x0000000020000020        0xa ./Core/Src/led_control.o
 *fill*         0x000000002000002a        0x2 
 .data.ControlPin_7SEG_LEDs
                0x000000002000002c        0x8 ./Core/Src/led_control.o
 .data.ControlPort_7SEG_LEDs
                0x0000000020000034       0x10 ./Core/Src/led_control.o
 .data.DataPin_7SEG_LEDS
                0x0000000020000044        0xe ./Core/Src/led_control.o
 *fill*         0x0000000020000052        0x2 
 .data.DataPort_7SEG_LEDS
                0x0000000020000054       0x1c ./Core/Src/led_control.o
 .data.SystemCoreClock
                0x0000000020000070        0x4 ./Core/Src/system_stm32f1xx.o
                0x0000000020000070                SystemCoreClock
 .data.lightstate_h
                0x0000000020000074        0x1 ./Core/Src/traffic_light.o
                0x0000000020000074                lightstate_h
 *fill*         0x0000000020000075        0x3 
 .data.uwTickPrio
                0x0000000020000078        0x4 ./Drivers/STM32F1xx_HAL_Driver/Src/stm32f1xx_hal.o
                0x0000000020000078                uwTickPrio
 .data.uwTickFreq
                0x000000002000007c        0x1 ./Drivers/STM32F1xx_HAL_Driver/Src/stm32f1xx_hal.o
                0x000000002000007c                uwTickFreq
 *(.RamFunc)
 *(.RamFunc*)
                0x0000000020000080                . = ALIGN (0x4)
 *fill*         0x000000002000007d        0x3 
                0x0000000020000080                _edata = .

.igot.plt       0x0000000020000080        0x0 load address 0x0000000008002c18
 .igot.plt      0x0000000020000080        0x0 c:/st/stm32cubeide_1.7.0/stm32cubeide/plugins/com.st.stm32cube.ide.mcu.externaltools.gnu-tools-for-stm32.9-2020-q2-update.win32_2.0.0.202105311346/tools/bin/../lib/gcc/arm-none-eabi/9.3.1/thumb/v7-m/nofp/crtbegin.o
                0x0000000020000080                . = ALIGN (0x4)

.bss            0x0000000020000080       0xe0 load address 0x0000000008002c18
                0x0000000020000080                _sbss = .
                0x0000000020000080                __bss_start__ = _sbss
 *(.bss)
 .bss           0x0000000020000080       0x1c c:/st/stm32cubeide_1.7.0/stm32cubeide/plugins/com.st.stm32cube.ide.mcu.externaltools.gnu-tools-for-stm32.9-2020-q2-update.win32_2.0.0.202105311346/tools/bin/../lib/gcc/arm-none-eabi/9.3.1/thumb/v7-m/nofp/crtbegin.o
 *(.bss*)
 .bss.button1_state
                0x000000002000009c        0x1 ./Core/Src/input_processing.o
                0x000000002000009c                button1_state
 .bss.button2_state
                0x000000002000009d        0x1 ./Core/Src/input_processing.o
                0x000000002000009d                button2_state
 .bss.button3_state
                0x000000002000009e        0x1 ./Core/Src/input_processing.o
                0x000000002000009e                button3_state
 .bss.button4_state
                0x000000002000009f        0x1 ./Core/Src/input_processing.o
                0x000000002000009f                button4_state
 .bss.mode      0x00000000200000a0        0x4 ./Core/Src/input_processing.o
                0x00000000200000a0                mode
 .bss.red_cnt   0x00000000200000a4        0x4 ./Core/Src/input_processing.o
                0x00000000200000a4                red_cnt
 .bss.yel_cnt   0x00000000200000a8        0x4 ./Core/Src/input_processing.o
                0x00000000200000a8                yel_cnt
 .bss.gre_cnt   0x00000000200000ac        0x4 ./Core/Src/input_processing.o
                0x00000000200000ac                gre_cnt
 .bss.red_temp  0x00000000200000b0        0x4 ./Core/Src/input_processing.o
                0x00000000200000b0                red_temp
 .bss.yel_temp  0x00000000200000b4        0x4 ./Core/Src/input_processing.o
                0x00000000200000b4                yel_temp
 .bss.gre_temp  0x00000000200000b8        0x4 ./Core/Src/input_processing.o
                0x00000000200000b8                gre_temp
 .bss.mode1_sw  0x00000000200000bc        0x4 ./Core/Src/input_processing.o
                0x00000000200000bc                mode1_sw
 .bss.buttonBuffer
                0x00000000200000c0        0x4 ./Core/Src/input_reading.o
 .bss.debounceButtonBuffer1
                0x00000000200000c4        0x4 ./Core/Src/input_reading.o
 .bss.debounceButtonBuffer2
                0x00000000200000c8        0x4 ./Core/Src/input_reading.o
 .bss.flagForButtonPress1s
                0x00000000200000cc       0x10 ./Core/Src/input_reading.o
 .bss.counterForButtonPress1s
                0x00000000200000dc       0x10 ./Core/Src/input_reading.o
 .bss.Buffer_7SEG_LEDS
                0x00000000200000ec        0x4 ./Core/Src/led_control.o
 .bss.ledIndex.5986
                0x00000000200000f0        0x1 ./Core/Src/led_control.o
 .bss.lightstate_v
                0x00000000200000f1        0x1 ./Core/Src/traffic_light.o
                0x00000000200000f1                lightstate_v
 *fill*         0x00000000200000f2        0x2 
 .bss.time_in_state.5994
                0x00000000200000f4        0x4 ./Core/Src/traffic_light.o
 .bss.time_in_state.6004
                0x00000000200000f8        0x4 ./Core/Src/traffic_light.o
 *(COMMON)
 COMMON         0x00000000200000fc       0x18 ./Core/Src/input_processing.o
                0x00000000200000fc                timer_counter
                0x0000000020000108                timer_flag
 COMMON         0x0000000020000114       0x48 ./Core/Src/main.o
                0x0000000020000114                htim2
 COMMON         0x000000002000015c        0x4 ./Drivers/STM32F1xx_HAL_Driver/Src/stm32f1xx_hal.o
                0x000000002000015c                uwTick
                0x0000000020000160                . = ALIGN (0x4)
                0x0000000020000160                _ebss = .
                0x0000000020000160                __bss_end__ = _ebss

._user_heap_stack
                0x0000000020000160      0x600 load address 0x0000000008002c18
                0x0000000020000160                . = ALIGN (0x8)
                [!provide]                        PROVIDE (end = .)
                0x0000000020000160                PROVIDE (_end = .)
                0x0000000020000360                . = (. + _Min_Heap_Size)
 *fill*         0x0000000020000160      0x200 
                0x0000000020000760                . = (. + _Min_Stack_Size)
 *fill*         0x0000000020000360      0x400 
                0x0000000020000760                . = ALIGN (0x8)

/DISCARD/
 libc.a(*)
 libm.a(*)
 libgcc.a(*)

.ARM.attributes
                0x0000000000000000       0x29
 *(.ARM.attributes)
 .ARM.attributes
                0x0000000000000000       0x1d c:/st/stm32cubeide_1.7.0/stm32cubeide/plugins/com.st.stm32cube.ide.mcu.externaltools.gnu-tools-for-stm32.9-2020-q2-update.win32_2.0.0.202105311346/tools/bin/../lib/gcc/arm-none-eabi/9.3.1/thumb/v7-m/nofp/crti.o
 .ARM.attributes
                0x000000000000001d       0x2d c:/st/stm32cubeide_1.7.0/stm32cubeide/plugins/com.st.stm32cube.ide.mcu.externaltools.gnu-tools-for-stm32.9-2020-q2-update.win32_2.0.0.202105311346/tools/bin/../lib/gcc/arm-none-eabi/9.3.1/thumb/v7-m/nofp/crtbegin.o
 .ARM.attributes
                0x000000000000004a       0x2d ./Core/Src/input_processing.o
 .ARM.attributes
                0x0000000000000077       0x2d ./Core/Src/input_reading.o
 .ARM.attributes
                0x00000000000000a4       0x2d ./Core/Src/led_control.o
 .ARM.attributes
                0x00000000000000d1       0x2d ./Core/Src/main.o
 .ARM.attributes
                0x00000000000000fe       0x2d ./Core/Src/stm32f1xx_hal_msp.o
 .ARM.attributes
                0x000000000000012b       0x2d ./Core/Src/stm32f1xx_it.o
 .ARM.attributes
                0x0000000000000158       0x2d ./Core/Src/system_stm32f1xx.o
 .ARM.attributes
                0x0000000000000185       0x2d ./Core/Src/timer.o
 .ARM.attributes
                0x00000000000001b2       0x2d ./Core/Src/traffic_light.o
 .ARM.attributes
                0x00000000000001df       0x21 ./Core/Startup/startup_stm32f103c6ux.o
 .ARM.attributes
                0x0000000000000200       0x2d ./Drivers/STM32F1xx_HAL_Driver/Src/stm32f1xx_hal.o
 .ARM.attributes
                0x000000000000022d       0x2d ./Drivers/STM32F1xx_HAL_Driver/Src/stm32f1xx_hal_cortex.o
 .ARM.attributes
                0x000000000000025a       0x2d ./Drivers/STM32F1xx_HAL_Driver/Src/stm32f1xx_hal_gpio.o
 .ARM.attributes
                0x0000000000000287       0x2d ./Drivers/STM32F1xx_HAL_Driver/Src/stm32f1xx_hal_rcc.o
 .ARM.attributes
                0x00000000000002b4       0x2d ./Drivers/STM32F1xx_HAL_Driver/Src/stm32f1xx_hal_tim.o
 .ARM.attributes
                0x00000000000002e1       0x2d ./Drivers/STM32F1xx_HAL_Driver/Src/stm32f1xx_hal_tim_ex.o
 .ARM.attributes
                0x000000000000030e       0x2d c:/st/stm32cubeide_1.7.0/stm32cubeide/plugins/com.st.stm32cube.ide.mcu.externaltools.gnu-tools-for-stm32.9-2020-q2-update.win32_2.0.0.202105311346/tools/bin/../lib/gcc/arm-none-eabi/9.3.1/../../../../arm-none-eabi/lib/thumb/v7-m/nofp\libc_nano.a(lib_a-init.o)
 .ARM.attributes
                0x000000000000033b       0x2d c:/st/stm32cubeide_1.7.0/stm32cubeide/plugins/com.st.stm32cube.ide.mcu.externaltools.gnu-tools-for-stm32.9-2020-q2-update.win32_2.0.0.202105311346/tools/bin/../lib/gcc/arm-none-eabi/9.3.1/../../../../arm-none-eabi/lib/thumb/v7-m/nofp\libc_nano.a(lib_a-memset.o)
 .ARM.attributes
                0x0000000000000368       0x1d c:/st/stm32cubeide_1.7.0/stm32cubeide/plugins/com.st.stm32cube.ide.mcu.externaltools.gnu-tools-for-stm32.9-2020-q2-update.win32_2.0.0.202105311346/tools/bin/../lib/gcc/arm-none-eabi/9.3.1/thumb/v7-m/nofp/crtn.o
OUTPUT(Lab 3.elf elf32-littlearm)
LOAD linker stubs
LOAD c:/st/stm32cubeide_1.7.0/stm32cubeide/plugins/com.st.stm32cube.ide.mcu.externaltools.gnu-tools-for-stm32.9-2020-q2-update.win32_2.0.0.202105311346/tools/bin/../lib/gcc/arm-none-eabi/9.3.1/../../../../arm-none-eabi/lib/thumb/v7-m/nofp\libc.a
LOAD c:/st/stm32cubeide_1.7.0/stm32cubeide/plugins/com.st.stm32cube.ide.mcu.externaltools.gnu-tools-for-stm32.9-2020-q2-update.win32_2.0.0.202105311346/tools/bin/../lib/gcc/arm-none-eabi/9.3.1/../../../../arm-none-eabi/lib/thumb/v7-m/nofp\libm.a
LOAD c:/st/stm32cubeide_1.7.0/stm32cubeide/plugins/com.st.stm32cube.ide.mcu.externaltools.gnu-tools-for-stm32.9-2020-q2-update.win32_2.0.0.202105311346/tools/bin/../lib/gcc/arm-none-eabi/9.3.1/thumb/v7-m/nofp\libgcc.a

.debug_info     0x0000000000000000     0x97a6
 .debug_info    0x0000000000000000      0x351 ./Core/Src/input_processing.o
 .debug_info    0x0000000000000351      0x36b ./Core/Src/input_reading.o
 .debug_info    0x00000000000006bc      0x3bf ./Core/Src/led_control.o
 .debug_info    0x0000000000000a7b      0xbe0 ./Core/Src/main.o
 .debug_info    0x000000000000165b      0xa04 ./Core/Src/stm32f1xx_hal_msp.o
 .debug_info    0x000000000000205f      0x7b4 ./Core/Src/stm32f1xx_it.o
 .debug_info    0x0000000000002813      0x2be ./Core/Src/system_stm32f1xx.o
 .debug_info    0x0000000000002ad1      0x7b3 ./Core/Src/timer.o
 .debug_info    0x0000000000003284      0x34d ./Core/Src/traffic_light.o
 .debug_info    0x00000000000035d1       0x22 ./Core/Startup/startup_stm32f103c6ux.o
 .debug_info    0x00000000000035f3      0x74c ./Drivers/STM32F1xx_HAL_Driver/Src/stm32f1xx_hal.o
 .debug_info    0x0000000000003d3f      0xbbe ./Drivers/STM32F1xx_HAL_Driver/Src/stm32f1xx_hal_cortex.o
 .debug_info    0x00000000000048fd      0x701 ./Drivers/STM32F1xx_HAL_Driver/Src/stm32f1xx_hal_gpio.o
 .debug_info    0x0000000000004ffe      0x88e ./Drivers/STM32F1xx_HAL_Driver/Src/stm32f1xx_hal_rcc.o
 .debug_info    0x000000000000588c     0x2a45 ./Drivers/STM32F1xx_HAL_Driver/Src/stm32f1xx_hal_tim.o
 .debug_info    0x00000000000082d1     0x14d5 ./Drivers/STM32F1xx_HAL_Driver/Src/stm32f1xx_hal_tim_ex.o

.debug_abbrev   0x0000000000000000     0x1bc7
 .debug_abbrev  0x0000000000000000       0xfa ./Core/Src/input_processing.o
 .debug_abbrev  0x00000000000000fa      0x15b ./Core/Src/input_reading.o
 .debug_abbrev  0x0000000000000255      0x161 ./Core/Src/led_control.o
 .debug_abbrev  0x00000000000003b6      0x21b ./Core/Src/main.o
 .debug_abbrev  0x00000000000005d1      0x1b7 ./Core/Src/stm32f1xx_hal_msp.o
 .debug_abbrev  0x0000000000000788      0x176 ./Core/Src/stm32f1xx_it.o
 .debug_abbrev  0x00000000000008fe      0x14e ./Core/Src/system_stm32f1xx.o
 .debug_abbrev  0x0000000000000a4c      0x1e3 ./Core/Src/timer.o
 .debug_abbrev  0x0000000000000c2f      0x167 ./Core/Src/traffic_light.o
 .debug_abbrev  0x0000000000000d96       0x12 ./Core/Startup/startup_stm32f103c6ux.o
 .debug_abbrev  0x0000000000000da8      0x1ed ./Drivers/STM32F1xx_HAL_Driver/Src/stm32f1xx_hal.o
 .debug_abbrev  0x0000000000000f95      0x313 ./Drivers/STM32F1xx_HAL_Driver/Src/stm32f1xx_hal_cortex.o
 .debug_abbrev  0x00000000000012a8      0x1e8 ./Drivers/STM32F1xx_HAL_Driver/Src/stm32f1xx_hal_gpio.o
 .debug_abbrev  0x0000000000001490      0x273 ./Drivers/STM32F1xx_HAL_Driver/Src/stm32f1xx_hal_rcc.o
 .debug_abbrev  0x0000000000001703      0x25e ./Drivers/STM32F1xx_HAL_Driver/Src/stm32f1xx_hal_tim.o
 .debug_abbrev  0x0000000000001961      0x266 ./Drivers/STM32F1xx_HAL_Driver/Src/stm32f1xx_hal_tim_ex.o

.debug_aranges  0x0000000000000000      0xa50
 .debug_aranges
                0x0000000000000000       0x58 ./Core/Src/input_processing.o
 .debug_aranges
                0x0000000000000058       0x30 ./Core/Src/input_reading.o
 .debug_aranges
                0x0000000000000088       0x40 ./Core/Src/led_control.o
 .debug_aranges
                0x00000000000000c8       0x40 ./Core/Src/main.o
 .debug_aranges
                0x0000000000000108       0x30 ./Core/Src/stm32f1xx_hal_msp.o
 .debug_aranges
                0x0000000000000138       0x68 ./Core/Src/stm32f1xx_it.o
 .debug_aranges
                0x00000000000001a0       0x28 ./Core/Src/system_stm32f1xx.o
 .debug_aranges
                0x00000000000001c8       0x30 ./Core/Src/timer.o
 .debug_aranges
                0x00000000000001f8       0x30 ./Core/Src/traffic_light.o
 .debug_aranges
                0x0000000000000228       0x28 ./Core/Startup/startup_stm32f103c6ux.o
 .debug_aranges
                0x0000000000000250       0xe0 ./Drivers/STM32F1xx_HAL_Driver/Src/stm32f1xx_hal.o
 .debug_aranges
                0x0000000000000330      0x100 ./Drivers/STM32F1xx_HAL_Driver/Src/stm32f1xx_hal_cortex.o
 .debug_aranges
                0x0000000000000430       0x58 ./Drivers/STM32F1xx_HAL_Driver/Src/stm32f1xx_hal_gpio.o
 .debug_aranges
                0x0000000000000488       0x90 ./Drivers/STM32F1xx_HAL_Driver/Src/stm32f1xx_hal_rcc.o
 .debug_aranges
                0x0000000000000518      0x3d0 ./Drivers/STM32F1xx_HAL_Driver/Src/stm32f1xx_hal_tim.o
 .debug_aranges
                0x00000000000008e8      0x168 ./Drivers/STM32F1xx_HAL_Driver/Src/stm32f1xx_hal_tim_ex.o

.debug_ranges   0x0000000000000000      0x958
 .debug_ranges  0x0000000000000000       0x48 ./Core/Src/input_processing.o
 .debug_ranges  0x0000000000000048       0x20 ./Core/Src/input_reading.o
 .debug_ranges  0x0000000000000068       0x30 ./Core/Src/led_control.o
 .debug_ranges  0x0000000000000098       0x30 ./Core/Src/main.o
 .debug_ranges  0x00000000000000c8       0x20 ./Core/Src/stm32f1xx_hal_msp.o
 .debug_ranges  0x00000000000000e8       0x58 ./Core/Src/stm32f1xx_it.o
 .debug_ranges  0x0000000000000140       0x18 ./Core/Src/system_stm32f1xx.o
 .debug_ranges  0x0000000000000158       0x20 ./Core/Src/timer.o
 .debug_ranges  0x0000000000000178       0x20 ./Core/Src/traffic_light.o
 .debug_ranges  0x0000000000000198       0x20 ./Core/Startup/startup_stm32f103c6ux.o
 .debug_ranges  0x00000000000001b8       0xd0 ./Drivers/STM32F1xx_HAL_Driver/Src/stm32f1xx_hal.o
 .debug_ranges  0x0000000000000288       0xf0 ./Drivers/STM32F1xx_HAL_Driver/Src/stm32f1xx_hal_cortex.o
 .debug_ranges  0x0000000000000378       0x48 ./Drivers/STM32F1xx_HAL_Driver/Src/stm32f1xx_hal_gpio.o
 .debug_ranges  0x00000000000003c0       0x80 ./Drivers/STM32F1xx_HAL_Driver/Src/stm32f1xx_hal_rcc.o
 .debug_ranges  0x0000000000000440      0x3c0 ./Drivers/STM32F1xx_HAL_Driver/Src/stm32f1xx_hal_tim.o
 .debug_ranges  0x0000000000000800      0x158 ./Drivers/STM32F1xx_HAL_Driver/Src/stm32f1xx_hal_tim_ex.o

.debug_macro    0x0000000000000000    0x16c0d
 .debug_macro   0x0000000000000000      0x209 ./Core/Src/input_processing.o
 .debug_macro   0x0000000000000209      0xa9c ./Core/Src/input_processing.o
 .debug_macro   0x0000000000000ca5      0x215 ./Core/Src/input_processing.o
 .debug_macro   0x0000000000000eba       0x2e ./Core/Src/input_processing.o
 .debug_macro   0x0000000000000ee8       0x22 ./Core/Src/input_processing.o
 .debug_macro   0x0000000000000f0a       0x22 ./Core/Src/input_processing.o
 .debug_macro   0x0000000000000f2c       0x8e ./Core/Src/input_processing.o
 .debug_macro   0x0000000000000fba       0x51 ./Core/Src/input_processing.o
 .debug_macro   0x000000000000100b      0x103 ./Core/Src/input_processing.o
 .debug_macro   0x000000000000110e       0x6a ./Core/Src/input_processing.o
 .debug_macro   0x0000000000001178      0x1df ./Core/Src/input_processing.o
 .debug_macro   0x0000000000001357       0x1c ./Core/Src/input_processing.o
 .debug_macro   0x0000000000001373       0x22 ./Core/Src/input_processing.o
 .debug_macro   0x0000000000001395       0xc3 ./Core/Src/input_processing.o
 .debug_macro   0x0000000000001458      0xd23 ./Core/Src/input_processing.o
 .debug_macro   0x000000000000217b     0xde75 ./Core/Src/input_processing.o
 .debug_macro   0x000000000000fff0       0x6d ./Core/Src/input_processing.o
 .debug_macro   0x000000000001005d     0x3468 ./Core/Src/input_processing.o
 .debug_macro   0x00000000000134c5      0x174 ./Core/Src/input_processing.o
 .debug_macro   0x0000000000013639       0x5c ./Core/Src/input_processing.o
 .debug_macro   0x0000000000013695      0x5be ./Core/Src/input_processing.o
 .debug_macro   0x0000000000013c53      0x1b7 ./Core/Src/input_processing.o
 .debug_macro   0x0000000000013e0a      0x1cb ./Core/Src/input_processing.o
 .debug_macro   0x0000000000013fd5      0x114 ./Core/Src/input_processing.o
 .debug_macro   0x00000000000140e9      0x1b2 ./Core/Src/input_processing.o
 .debug_macro   0x000000000001429b       0x27 ./Core/Src/input_processing.o
 .debug_macro   0x00000000000142c2      0x12f ./Core/Src/input_processing.o
 .debug_macro   0x00000000000143f1      0x1bc ./Core/Src/input_processing.o
 .debug_macro   0x00000000000145ad       0x34 ./Core/Src/input_processing.o
 .debug_macro   0x00000000000145e1       0x3c ./Core/Src/input_processing.o
 .debug_macro   0x000000000001461d       0x57 ./Core/Src/input_processing.o
 .debug_macro   0x0000000000014674       0x88 ./Core/Src/input_processing.o
 .debug_macro   0x00000000000146fc      0x183 ./Core/Src/input_processing.o
 .debug_macro   0x000000000001487f      0x141 ./Core/Src/input_processing.o
 .debug_macro   0x00000000000149c0      0x8d1 ./Core/Src/input_processing.o
 .debug_macro   0x0000000000015291       0x69 ./Core/Src/input_processing.o
 .debug_macro   0x00000000000152fa      0x100 ./Core/Src/input_processing.o
 .debug_macro   0x00000000000153fa       0x16 ./Core/Src/input_processing.o
 .debug_macro   0x0000000000015410       0x16 ./Core/Src/input_processing.o
 .debug_macro   0x0000000000015426      0x1bf ./Core/Src/input_reading.o
 .debug_macro   0x00000000000155e5      0x1bc ./Core/Src/led_control.o
 .debug_macro   0x00000000000157a1      0x1cd ./Core/Src/main.o
 .debug_macro   0x000000000001596e      0x1a7 ./Core/Src/stm32f1xx_hal_msp.o
 .debug_macro   0x0000000000015b15      0x1b1 ./Core/Src/stm32f1xx_it.o
 .debug_macro   0x0000000000015cc6      0x198 ./Core/Src/system_stm32f1xx.o
 .debug_macro   0x0000000000015e5e      0x1ba ./Core/Src/timer.o
 .debug_macro   0x0000000000016018      0x1c3 ./Core/Src/traffic_light.o
 .debug_macro   0x00000000000161db      0x1bc ./Drivers/STM32F1xx_HAL_Driver/Src/stm32f1xx_hal.o
 .debug_macro   0x0000000000016397      0x198 ./Drivers/STM32F1xx_HAL_Driver/Src/stm32f1xx_hal_cortex.o
 .debug_macro   0x000000000001652f      0x203 ./Drivers/STM32F1xx_HAL_Driver/Src/stm32f1xx_hal_gpio.o
 .debug_macro   0x0000000000016732      0x1aa ./Drivers/STM32F1xx_HAL_Driver/Src/stm32f1xx_hal_rcc.o
 .debug_macro   0x00000000000168dc      0x199 ./Drivers/STM32F1xx_HAL_Driver/Src/stm32f1xx_hal_tim.o
 .debug_macro   0x0000000000016a75      0x198 ./Drivers/STM32F1xx_HAL_Driver/Src/stm32f1xx_hal_tim_ex.o

.debug_line     0x0000000000000000     0xb972
 .debug_line    0x0000000000000000      0x9d6 ./Core/Src/input_processing.o
 .debug_line    0x00000000000009d6      0x6ec ./Core/Src/input_reading.o
 .debug_line    0x00000000000010c2      0x711 ./Core/Src/led_control.o
 .debug_line    0x00000000000017d3      0x7ee ./Core/Src/main.o
 .debug_line    0x0000000000001fc1      0x6a1 ./Core/Src/stm32f1xx_hal_msp.o
 .debug_line    0x0000000000002662      0x73f ./Core/Src/stm32f1xx_it.o
 .debug_line    0x0000000000002da1      0x6e3 ./Core/Src/system_stm32f1xx.o
 .debug_line    0x0000000000003484      0x6e0 ./Core/Src/timer.o
 .debug_line    0x0000000000003b64      0x85c ./Core/Src/traffic_light.o
 .debug_line    0x00000000000043c0       0x87 ./Core/Startup/startup_stm32f103c6ux.o
 .debug_line    0x0000000000004447      0x910 ./Drivers/STM32F1xx_HAL_Driver/Src/stm32f1xx_hal.o
 .debug_line    0x0000000000004d57      0xaf8 ./Drivers/STM32F1xx_HAL_Driver/Src/stm32f1xx_hal_cortex.o
 .debug_line    0x000000000000584f      0x991 ./Drivers/STM32F1xx_HAL_Driver/Src/stm32f1xx_hal_gpio.o
 .debug_line    0x00000000000061e0      0xd1e ./Drivers/STM32F1xx_HAL_Driver/Src/stm32f1xx_hal_rcc.o
 .debug_line    0x0000000000006efe     0x326e ./Drivers/STM32F1xx_HAL_Driver/Src/stm32f1xx_hal_tim.o
 .debug_line    0x000000000000a16c     0x1806 ./Drivers/STM32F1xx_HAL_Driver/Src/stm32f1xx_hal_tim_ex.o

.debug_str      0x0000000000000000    0x82407
 .debug_str     0x0000000000000000    0x7f775 ./Core/Src/input_processing.o
                                      0x7faa3 (size before relaxing)
 .debug_str     0x000000000007f775      0x18b ./Core/Src/input_reading.o
                                      0x7f9c8 (size before relaxing)
 .debug_str     0x000000000007f900      0x121 ./Core/Src/led_control.o
                                      0x7f9b0 (size before relaxing)
 .debug_str     0x000000000007fa21      0x6d5 ./Core/Src/main.o
                                      0x80077 (size before relaxing)
 .debug_str     0x00000000000800f6      0x2ba ./Core/Src/stm32f1xx_hal_msp.o
                                      0x8003d (size before relaxing)
 .debug_str     0x00000000000803b0       0xcd ./Core/Src/stm32f1xx_it.o
                                      0x7fd9f (size before relaxing)
 .debug_str     0x000000000008047d       0x52 ./Core/Src/system_stm32f1xx.o
                                      0x7f509 (size before relaxing)
 .debug_str     0x00000000000804cf       0x54 ./Core/Src/timer.o
                                      0x7fd7e (size before relaxing)
 .debug_str     0x0000000000080523       0x8e ./Core/Src/traffic_light.o
                                      0x7f95b (size before relaxing)
 .debug_str     0x00000000000805b1       0x36 ./Core/Startup/startup_stm32f103c6ux.o
                                         0x74 (size before relaxing)
 .debug_str     0x00000000000805e7      0x304 ./Drivers/STM32F1xx_HAL_Driver/Src/stm32f1xx_hal.o
                                      0x7fb60 (size before relaxing)
 .debug_str     0x00000000000808eb      0x300 ./Drivers/STM32F1xx_HAL_Driver/Src/stm32f1xx_hal_cortex.o
                                      0x7fb68 (size before relaxing)
 .debug_str     0x0000000000080beb      0x311 ./Drivers/STM32F1xx_HAL_Driver/Src/stm32f1xx_hal_gpio.o
                                      0x7f8cd (size before relaxing)
 .debug_str     0x0000000000080efc      0x24f ./Drivers/STM32F1xx_HAL_Driver/Src/stm32f1xx_hal_rcc.o
                                      0x7f906 (size before relaxing)
 .debug_str     0x000000000008114b      0xdce ./Drivers/STM32F1xx_HAL_Driver/Src/stm32f1xx_hal_tim.o
                                      0x808d8 (size before relaxing)
 .debug_str     0x0000000000081f19      0x4ee ./Drivers/STM32F1xx_HAL_Driver/Src/stm32f1xx_hal_tim_ex.o
                                      0x80089 (size before relaxing)

.comment        0x0000000000000000       0x53
 .comment       0x0000000000000000       0x53 ./Core/Src/input_processing.o
                                         0x54 (size before relaxing)
 .comment       0x0000000000000053       0x54 ./Core/Src/input_reading.o
 .comment       0x0000000000000053       0x54 ./Core/Src/led_control.o
 .comment       0x0000000000000053       0x54 ./Core/Src/main.o
 .comment       0x0000000000000053       0x54 ./Core/Src/stm32f1xx_hal_msp.o
 .comment       0x0000000000000053       0x54 ./Core/Src/stm32f1xx_it.o
 .comment       0x0000000000000053       0x54 ./Core/Src/system_stm32f1xx.o
 .comment       0x0000000000000053       0x54 ./Core/Src/timer.o
 .comment       0x0000000000000053       0x54 ./Core/Src/traffic_light.o
 .comment       0x0000000000000053       0x54 ./Drivers/STM32F1xx_HAL_Driver/Src/stm32f1xx_hal.o
 .comment       0x0000000000000053       0x54 ./Drivers/STM32F1xx_HAL_Driver/Src/stm32f1xx_hal_cortex.o
 .comment       0x0000000000000053       0x54 ./Drivers/STM32F1xx_HAL_Driver/Src/stm32f1xx_hal_gpio.o
 .comment       0x0000000000000053       0x54 ./Drivers/STM32F1xx_HAL_Driver/Src/stm32f1xx_hal_rcc.o
 .comment       0x0000000000000053       0x54 ./Drivers/STM32F1xx_HAL_Driver/Src/stm32f1xx_hal_tim.o
 .comment       0x0000000000000053       0x54 ./Drivers/STM32F1xx_HAL_Driver/Src/stm32f1xx_hal_tim_ex.o

.debug_frame    0x0000000000000000     0x28ec
 .debug_frame   0x0000000000000000      0x100 ./Core/Src/input_processing.o
 .debug_frame   0x0000000000000100       0x84 ./Core/Src/input_reading.o
 .debug_frame   0x0000000000000184       0xc0 ./Core/Src/led_control.o
 .debug_frame   0x0000000000000244       0xb0 ./Core/Src/main.o
 .debug_frame   0x00000000000002f4       0x80 ./Core/Src/stm32f1xx_hal_msp.o
 .debug_frame   0x0000000000000374      0x120 ./Core/Src/stm32f1xx_it.o
 .debug_frame   0x0000000000000494       0x58 ./Core/Src/system_stm32f1xx.o
 .debug_frame   0x00000000000004ec       0x84 ./Core/Src/timer.o
 .debug_frame   0x0000000000000570       0x7c ./Core/Src/traffic_light.o
 .debug_frame   0x00000000000005ec      0x334 ./Drivers/STM32F1xx_HAL_Driver/Src/stm32f1xx_hal.o
 .debug_frame   0x0000000000000920      0x428 ./Drivers/STM32F1xx_HAL_Driver/Src/stm32f1xx_hal_cortex.o
 .debug_frame   0x0000000000000d48      0x14c ./Drivers/STM32F1xx_HAL_Driver/Src/stm32f1xx_hal_gpio.o
 .debug_frame   0x0000000000000e94      0x21c ./Drivers/STM32F1xx_HAL_Driver/Src/stm32f1xx_hal_rcc.o
 .debug_frame   0x00000000000010b0     0x11b8 ./Drivers/STM32F1xx_HAL_Driver/Src/stm32f1xx_hal_tim.o
 .debug_frame   0x0000000000002268      0x638 ./Drivers/STM32F1xx_HAL_Driver/Src/stm32f1xx_hal_tim_ex.o
 .debug_frame   0x00000000000028a0       0x2c c:/st/stm32cubeide_1.7.0/stm32cubeide/plugins/com.st.stm32cube.ide.mcu.externaltools.gnu-tools-for-stm32.9-2020-q2-update.win32_2.0.0.202105311346/tools/bin/../lib/gcc/arm-none-eabi/9.3.1/../../../../arm-none-eabi/lib/thumb/v7-m/nofp\libc_nano.a(lib_a-init.o)
 .debug_frame   0x00000000000028cc       0x20 c:/st/stm32cubeide_1.7.0/stm32cubeide/plugins/com.st.stm32cube.ide.mcu.externaltools.gnu-tools-for-stm32.9-2020-q2-update.win32_2.0.0.202105311346/tools/bin/../lib/gcc/arm-none-eabi/9.3.1/../../../../arm-none-eabi/lib/thumb/v7-m/nofp\libc_nano.a(lib_a-memset.o)
